// Jest Snapshot v1, https://goo.gl/fbAQLP

exports[`<Recommended /> should render and match the snapshot 1`] = `
<body>
  <div>
    <div
      class="ant-row css-dev-only-do-not-override-1i9hnpv"
      data-testid="recommended"
    >
      <div
        class="ant-col css-dev-only-do-not-override-1i9hnpv"
      >
        <span
          class="ant-tag styled__ClickableTags-sc-c8c48a6e-2 dVTsOc css-dev-only-do-not-override-1i9hnpv"
        >
          test repo name
        </span>
      </div>
    </div>
  </div>
</body>
`;
